// Jest Snapshot v1, https://goo.gl/fbAQLP

exports[`Components render LoginMenu for authenticated users 1`] = `
<ul
  className="nav navbar-nav navbar-right"
>
  <li>
    <a
      className="hover-pointer"
    >
      Logout
    </a>
  </li>
</ul>
`;

exports[`Components render LoginMenu for not authenticated users 1`] = `
<ul
  className="nav navbar-nav navbar-right"
>
  <li
    className="dropdown"
  >
    <a
      className="dropdown-toggle"
      data-toggle="dropdown"
    >
      <b>
        Login or Register
      </b>
       
      <span
        className="caret"
      />
    </a>
    <ul
      className="dropdown-menu"
      id="login-dp"
    >
      <li>
        <div
          className="row"
        >
          <div
            className="col-md-12"
          >
            <span>
              Login
            </span>
            <form
              acceptCharset="UTF-8"
              className="form"
            >
              <div
                className="form-group"
              >
                <label
                  className="sr-only"
                  htmlFor="login_email"
                >
                  Email address
                </label>
                <input
                  className="form-control"
                  id="login_email"
                  placeholder="Email address"
                  required={true}
                  type="email"
                />
              </div>
              <div
                className="form-group"
              >
                <label
                  className="sr-only"
                  htmlFor="login_password"
                >
                  Password
                </label>
                <input
                  className="form-control"
                  id="login_password"
                  placeholder="Password"
                  required={true}
                  type="password"
                />
              </div>
              <div
                className="form-group"
              >
                <button
                  className="btn btn-primary btn-block"
                  type="submit"
                >
                  Login
                </button>
              </div>
            </form>
            <span>
              or Register
            </span>
            <form
              acceptCharset="UTF-8"
              className="form"
              onSubmit={[Function]}
            >
              <div
                className="form-group"
              >
                <label
                  className="sr-only"
                  htmlFor="username"
                >
                  Username
                </label>
                <input
                  className="form-control"
                  id="username"
                  onChange={[Function]}
                  placeholder="Username"
                  required={true}
                  type="text"
                  value=""
                />
              </div>
              <div
                className="form-group"
              >
                <label
                  className="sr-only"
                  htmlFor="first_name"
                >
                  First name
                </label>
                <input
                  className="form-control"
                  id="first_name"
                  onChange={[Function]}
                  placeholder="First name"
                  required={true}
                  type="text"
                  value=""
                />
              </div>
              <div
                className="form-group"
              >
                <label
                  className="sr-only"
                  htmlFor="last_name"
                >
                  Last name
                </label>
                <input
                  className="form-control"
                  id="last_name"
                  onChange={[Function]}
                  placeholder="Last name"
                  required={true}
                  type="text"
                  value=""
                />
              </div>
              <div
                className="form-group"
              >
                <label
                  className="sr-only"
                  htmlFor="email"
                >
                  Email address
                </label>
                <input
                  className="form-control"
                  id="email"
                  onChange={[Function]}
                  placeholder="Email address"
                  required={true}
                  type="email"
                  value=""
                />
              </div>
              <div
                className="form-group"
              >
                <label
                  className="sr-only"
                  htmlFor="password"
                >
                  Password
                </label>
                <input
                  className="form-control"
                  id="password"
                  onChange={[Function]}
                  placeholder="Password"
                  required={true}
                  type="password"
                  value=""
                />
              </div>
              <div
                className="form-group"
              >
                <button
                  className="btn btn-primary btn-block"
                  type="submit"
                >
                  Register
                </button>
              </div>
            </form>
          </div>
        </div>
      </li>
    </ul>
  </li>
</ul>
`;
